	at org.springframework.aop.aspectj.MethodInvocationProceedingJoinPoint.proceed(MethodInvocationProceedingJoinPoint.java:89)
	at com.re.ecommerce.common.audit.aspect.AdminMutationAuditAspect.auditAdminMutation(AdminMutationAuditAspect.java:38)
	at java.base/jdk.internal.reflect.DirectMethodHandleAccessor.invoke(DirectMethodHandleAccessor.java:103)
	at java.base/java.lang.reflect.Method.invoke(Method.java:580)
	at org.springframework.aop.aspectj.AbstractAspectJAdvice.invokeAdviceMethodWithGivenArgs(AbstractAspectJAdvice.java:637)
	at org.springframework.aop.aspectj.AbstractAspectJAdvice.invokeAdviceMethod(AbstractAspectJAdvice.java:627)
	at org.springframework.aop.aspectj.AspectJAroundAdvice.invoke(AspectJAroundAdvice.java:71)
	at org.springframework.aop.framework.ReflectiveMethodInvocation.proceed(ReflectiveMethodInvocation.java:184)
	at org.springframework.aop.framework.CglibAopProxy$CglibMethodInvocation.proceed(CglibAopProxy.java:768)
	at org.springframework.security.authorization.method.AuthorizationManagerBeforeMethodInterceptor.proceed(AuthorizationManagerBeforeMethodInterceptor.java:269)
	at org.springframework.security.authorization.method.AuthorizationManagerBeforeMethodInterceptor.attemptAuthorization(AuthorizationManagerBeforeMethodInterceptor.java:264)
	at org.springframework.security.authorization.method.AuthorizationManagerBeforeMethodInterceptor.invoke(AuthorizationManagerBeforeMethodInterceptor.java:197)
	at org.springframework.security.config.annotation.method.configuration.PrePostMethodSecurityConfiguration$DeferringMethodInterceptor.invoke(PrePostMethodSecurityConfiguration.java:200)
	at org.springframework.aop.framework.ReflectiveMethodInvocation.proceed(ReflectiveMethodInvocation.java:184)
	at org.springframework.aop.framework.CglibAopProxy$CglibMethodInvocation.proceed(CglibAopProxy.java:768)
	at org.springframework.aop.interceptor.ExposeInvocationInterceptor.invoke(ExposeInvocationInterceptor.java:97)
	at org.springframework.aop.framework.ReflectiveMethodInvocation.proceed(ReflectiveMethodInvocation.java:184)
	at org.springframework.aop.framework.CglibAopProxy$CglibMethodInvocation.proceed(CglibAopProxy.java:768)
	at org.springframework.aop.framework.CglibAopProxy$DynamicAdvisedInterceptor.intercept(CglibAopProxy.java:720)
	at com.re.ecommerce.modules.order.controller.OrderController$$SpringCGLIB$$0.getMyOrders(<generated>)
	at java.base/jdk.internal.reflect.DirectMethodHandleAccessor.invoke(DirectMethodHandleAccessor.java:103)
	at java.base/java.lang.reflect.Method.invoke(Method.java:580)
	at org.springframework.web.method.support.InvocableHandlerMethod.doInvoke(InvocableHandlerMethod.java:255)
	at org.springframework.web.method.support.InvocableHandlerMethod.invokeForRequest(InvocableHandlerMethod.java:188)
	at org.springframework.web.servlet.mvc.method.annotation.ServletInvocableHandlerMethod.invokeAndHandle(ServletInvocableHandlerMethod.java:118)
	at org.springframework.web.servlet.mvc.method.annotation.RequestMappingHandlerAdapter.invokeHandlerMethod(RequestMappingHandlerAdapter.java:926)
	at org.springframework.web.servlet.mvc.method.annotation.RequestMappingHandlerAdapter.handleInternal(RequestMappingHandlerAdapter.java:831)
	at org.springframework.web.servlet.mvc.method.AbstractHandlerMethodAdapter.handle(AbstractHandlerMethodAdapter.java:87)
	at org.springframework.web.servlet.DispatcherServlet.doDispatch(DispatcherServlet.java:1089)
	at org.springframework.web.servlet.DispatcherServlet.doService(DispatcherServlet.java:979)
	at org.springframework.web.servlet.FrameworkServlet.processRequest(FrameworkServlet.java:1014)
	at org.springframework.web.servlet.FrameworkServlet.doGet(FrameworkServlet.java:903)
	at jakarta.servlet.http.HttpServlet.service(HttpServlet.java:564)
	at org.springframework.web.servlet.FrameworkServlet.service(FrameworkServlet.java:885)
	at jakarta.servlet.http.HttpServlet.service(HttpServlet.java:658)
	at org.apache.catalina.core.ApplicationFilterChain.internalDoFilter(ApplicationFilterChain.java:195)
	at org.apache.catalina.core.ApplicationFilterChain.doFilter(ApplicationFilterChain.java:140)
	at org.apache.tomcat.websocket.server.WsFilter.doFilter(WsFilter.java:51)
	at org.apache.catalina.core.ApplicationFilterChain.internalDoFilter(ApplicationFilterChain.java:164)
	at org.apache.catalina.core.ApplicationFilterChain.doFilter(ApplicationFilterChain.java:140)
	at org.springframework.web.filter.OncePerRequestFilter.doFilter(OncePerRequestFilter.java:110)
	at org.apache.catalina.core.ApplicationFilterChain.internalDoFilter(ApplicationFilterChain.java:164)
	at org.apache.catalina.core.ApplicationFilterChain.doFilter(ApplicationFilterChain.java:140)
	at com.re.ecommerce.common.logging.filter.RequestLoggingFilter.doFilterInternal(RequestLoggingFilter.java:30)
	at org.springframework.web.filter.OncePerRequestFilter.doFilter(OncePerRequestFilter.java:116)
	at org.apache.catalina.core.ApplicationFilterChain.internalDoFilter(ApplicationFilterChain.java:164)
	at org.apache.catalina.core.ApplicationFilterChain.doFilter(ApplicationFilterChain.java:140)
	at org.springframework.web.filter.CompositeFilter$VirtualFilterChain.doFilter(CompositeFilter.java:108)
	at org.springframework.security.web.FilterChainProxy.lambda$doFilterInternal$3(FilterChainProxy.java:231)
	at org.springframework.security.web.FilterChainProxy$VirtualFilterChain.doFilter(FilterChainProxy.java:365)
	at org.springframework.security.web.access.intercept.AuthorizationFilter.doFilter(AuthorizationFilter.java:100)
	at org.springframework.security.web.FilterChainProxy$VirtualFilterChain.doFilter(FilterChainProxy.java:374)
	at org.springframework.security.web.access.ExceptionTranslationFilter.doFilter(ExceptionTranslationFilter.java:126)
	at org.springframework.security.web.access.ExceptionTranslationFilter.doFilter(ExceptionTranslationFilter.java:120)
	at org.springframework.security.web.FilterChainProxy$VirtualFilterChain.doFilter(FilterChainProxy.java:374)
	at org.springframework.security.web.session.SessionManagementFilter.doFilter(SessionManagementFilter.java:131)
	at org.springframework.security.web.session.SessionManagementFilter.doFilter(SessionManagementFilter.java:85)
	at org.springframework.security.web.FilterChainProxy$VirtualFilterChain.doFilter(FilterChainProxy.java:374)
	at org.springframework.security.web.authentication.AnonymousAuthenticationFilter.doFilter(AnonymousAuthenticationFilter.java:100)
	at org.springframework.security.web.FilterChainProxy$VirtualFilterChain.doFilter(FilterChainProxy.java:374)
	at org.springframework.security.web.servletapi.SecurityContextHolderAwareRequestFilter.doFilter(SecurityContextHolderAwareRequestFilter.java:179)
	at org.springframework.security.web.FilterChainProxy$VirtualFilterChain.doFilter(FilterChainProxy.java:374)
	at org.springframework.security.web.savedrequest.RequestCacheAwareFilter.doFilter(RequestCacheAwareFilter.java:63)
	at org.springframework.security.web.FilterChainProxy$VirtualFilterChain.doFilter(FilterChainProxy.java:374)
	at com.re.ecommerce.security.JwtAuthenticationFilter.doFilterInternal(JwtAuthenticationFilter.java:71)
	at org.springframework.web.filter.OncePerRequestFilter.doFilter(OncePerRequestFilter.java:116)
	at org.springframework.security.web.FilterChainProxy$VirtualFilterChain.doFilter(FilterChainProxy.java:374)
	at org.springframework.security.web.authentication.logout.LogoutFilter.doFilter(LogoutFilter.java:107)
	at org.springframework.security.web.authentication.logout.LogoutFilter.doFilter(LogoutFilter.java:93)
	at org.springframework.security.web.FilterChainProxy$VirtualFilterChain.doFilter(FilterChainProxy.java:374)
	at org.springframework.web.filter.CorsFilter.doFilterInternal(CorsFilter.java:91)
	at org.springframework.web.filter.OncePerRequestFilter.doFilter(OncePerRequestFilter.java:116)
	at org.springframework.security.web.FilterChainProxy$VirtualFilterChain.doFilter(FilterChainProxy.java:374)
	at org.springframework.security.web.header.HeaderWriterFilter.doHeadersAfter(HeaderWriterFilter.java:90)
	at org.springframework.security.web.header.HeaderWriterFilter.doFilterInternal(HeaderWriterFilter.java:75)
	at org.springframework.web.filter.OncePerRequestFilter.doFilter(OncePerRequestFilter.java:116)
	at org.springframework.security.web.FilterChainProxy$VirtualFilterChain.doFilter(FilterChainProxy.java:374)
	at org.springframework.security.web.context.SecurityContextHolderFilter.doFilter(SecurityContextHolderFilter.java:82)
	at org.springframework.security.web.context.SecurityContextHolderFilter.doFilter(SecurityContextHolderFilter.java:69)
	at org.springframework.security.web.FilterChainProxy$VirtualFilterChain.doFilter(FilterChainProxy.java:374)
	at org.springframework.security.web.context.request.async.WebAsyncManagerIntegrationFilter.doFilterInternal(WebAsyncManagerIntegrationFilter.java:62)
	at org.springframework.web.filter.OncePerRequestFilter.doFilter(OncePerRequestFilter.java:116)
	at org.springframework.security.web.FilterChainProxy$VirtualFilterChain.doFilter(FilterChainProxy.java:374)
	at org.springframework.security.web.session.DisableEncodeUrlFilter.doFilterInternal(DisableEncodeUrlFilter.java:42)
	at org.springframework.web.filter.OncePerRequestFilter.doFilter(OncePerRequestFilter.java:116)
	at org.springframework.security.web.FilterChainProxy$VirtualFilterChain.doFilter(FilterChainProxy.java:374)
	at org.springframework.security.web.FilterChainProxy.doFilterInternal(FilterChainProxy.java:233)
	at org.springframework.security.web.FilterChainProxy.doFilter(FilterChainProxy.java:191)
	at org.springframework.web.filter.CompositeFilter$VirtualFilterChain.doFilter(CompositeFilter.java:113)
	at org.springframework.web.servlet.handler.HandlerMappingIntrospector.lambda$createCacheFilter$3(HandlerMappingIntrospector.java:195)
	at org.springframework.web.filter.CompositeFilter$VirtualFilterChain.doFilter(CompositeFilter.java:113)
	at org.springframework.web.filter.CompositeFilter.doFilter(CompositeFilter.java:74)
	at org.springframework.security.config.annotation.web.configuration.WebMvcSecurityConfiguration$CompositeFilterChainProxy.doFilter(WebMvcSecurityConfiguration.java:230)
	at org.springframework.web.filter.DelegatingFilterProxy.invokeDelegate(DelegatingFilterProxy.java:352)
	at org.springframework.web.filter.DelegatingFilterProxy.doFilter(DelegatingFilterProxy.java:268)
	at org.apache.catalina.core.ApplicationFilterChain.internalDoFilter(ApplicationFilterChain.java:164)
	at org.apache.catalina.core.ApplicationFilterChain.doFilter(ApplicationFilterChain.java:140)
	at org.springframework.web.filter.RequestContextFilter.doFilterInternal(RequestContextFilter.java:100)
	at org.springframework.web.filter.OncePerRequestFilter.doFilter(OncePerRequestFilter.java:116)
	at org.apache.catalina.core.ApplicationFilterChain.internalDoFilter(ApplicationFilterChain.java:164)
	at org.apache.catalina.core.ApplicationFilterChain.doFilter(ApplicationFilterChain.java:140)
	at org.springframework.web.filter.FormContentFilter.doFilterInternal(FormContentFilter.java:93)
	at org.springframework.web.filter.OncePerRequestFilter.doFilter(OncePerRequestFilter.java:116)
	at org.apache.catalina.core.ApplicationFilterChain.internalDoFilter(ApplicationFilterChain.java:164)
	at org.apache.catalina.core.ApplicationFilterChain.doFilter(ApplicationFilterChain.java:140)
	at org.springframework.web.filter.CharacterEncodingFilter.doFilterInternal(CharacterEncodingFilter.java:201)
	at org.springframework.web.filter.OncePerRequestFilter.doFilter(OncePerRequestFilter.java:116)
	at org.apache.catalina.core.ApplicationFilterChain.internalDoFilter(ApplicationFilterChain.java:164)
	at org.apache.catalina.core.ApplicationFilterChain.doFilter(ApplicationFilterChain.java:140)
	at org.apache.catalina.core.StandardWrapperValve.invoke(StandardWrapperValve.java:167)
	at org.apache.catalina.core.StandardContextValve.invoke(StandardContextValve.java:90)
	at org.apache.catalina.authenticator.AuthenticatorBase.invoke(AuthenticatorBase.java:482)
	at org.apache.catalina.core.StandardHostValve.invoke(StandardHostValve.java:115)
	at org.apache.catalina.valves.ErrorReportValve.invoke(ErrorReportValve.java:93)
	at org.apache.catalina.core.StandardEngineValve.invoke(StandardEngineValve.java:74)
	at org.apache.catalina.connector.CoyoteAdapter.service(CoyoteAdapter.java:344)
	at org.apache.coyote.http11.Http11Processor.service(Http11Processor.java:389)
	at org.apache.coyote.AbstractProcessorLight.process(AbstractProcessorLight.java:63)
	at org.apache.coyote.AbstractProtocol$ConnectionHandler.process(AbstractProtocol.java:896)
	at org.apache.tomcat.util.net.NioEndpoint$SocketProcessor.doRun(NioEndpoint.java:1741)
	at org.apache.tomcat.util.net.SocketProcessorBase.run(SocketProcessorBase.java:52)
	at org.apache.tomcat.util.threads.ThreadPoolExecutor.runWorker(ThreadPoolExecutor.java:1190)
	at org.apache.tomcat.util.threads.ThreadPoolExecutor$Worker.run(ThreadPoolExecutor.java:659)
	at org.apache.tomcat.util.threads.TaskThread$WrappingRunnable.run(TaskThread.java:63)
	at java.base/java.lang.Thread.run(Thread.java:1583)
2026-08-06 10:34:51.798 [http-nio-8080-exec-5] INFO  c.r.e.c.l.f.RequestLoggingFilter - requestId=b65c994a-0dd2-4847-a514-9fba03053ad4 method=GET uri=/api/v1/me/orders status=500 durationMs=4 userId=hoangdinhtung09022006
2026-08-06 10:35:30.750 [http-nio-8080-exec-1] INFO  c.r.e.c.l.f.RequestLoggingFilter - requestId=8f60e114-3489-4230-a284-81d1bb15089b method=GET uri=/api/v1/banners status=200 durationMs=4 userId=hoangdinhtung09022006
2026-08-06 10:35:30.750 [http-nio-8080-exec-10] INFO  c.r.e.c.l.f.RequestLoggingFilter - requestId=473a621d-79de-4a7a-a2cc-6cde0f0c72a8 method=GET uri=/api/v1/news status=200 durationMs=4 userId=hoangdinhtung09022006
2026-08-06 10:35:30.750 [http-nio-8080-exec-4] INFO  c.r.e.c.l.f.RequestLoggingFilter - requestId=97c0808d-479f-4f1f-be67-610f3636c63b method=GET uri=/api/v1/brands status=200 durationMs=4 userId=hoangdinhtung09022006
2026-08-06 10:35:30.765 [http-nio-8080-exec-8] INFO  c.r.e.c.l.f.RequestLoggingFilter - requestId=f43e3964-829c-427d-937e-ffa19de811a4 method=GET uri=/api/v1/news status=200 durationMs=4 userId=hoangdinhtung09022006
2026-08-06 10:35:30.765 [http-nio-8080-exec-9] INFO  c.r.e.c.l.f.RequestLoggingFilter - requestId=08a845b6-1ae7-485b-a5e6-196e902bed85 method=GET uri=/api/v1/brands status=200 durationMs=4 userId=hoangdinhtung09022006
2026-08-06 10:35:30.768 [http-nio-8080-exec-3] INFO  c.r.e.c.l.f.RequestLoggingFilter - requestId=c1062a55-4ff0-407b-b2f3-273925c8c154 method=GET uri=/api/v1/banners status=200 durationMs=7 userId=hoangdinhtung09022006
2026-08-06 10:35:31.154 [http-nio-8080-exec-2] INFO  c.r.e.c.l.f.RequestLoggingFilter - requestId=613cfa82-d82e-4188-86a9-2e55a24d3aa1 method=GET uri=/api/v1/products status=200 durationMs=408 userId=hoangdinhtung09022006
2026-08-06 10:35:31.566 [http-nio-8080-exec-6] INFO  c.r.e.c.l.f.RequestLoggingFilter - requestId=1b50cdc3-ee3e-4c60-ac55-f715379cc0cc method=GET uri=/api/v1/products status=200 durationMs=410 userId=hoangdinhtung09022006
2026-08-06 10:35:33.972 [http-nio-8080-exec-7] INFO  c.r.e.c.l.f.RequestLoggingFilter - requestId=0cb9d3f7-0ef7-40c9-a13e-7afe851525e0 method=GET uri=/api/v1/products status=200 durationMs=352 userId=hoangdinhtung09022006
2026-08-06 10:35:34.312 [http-nio-8080-exec-5] INFO  c.r.e.c.l.f.RequestLoggingFilter - requestId=4c68c332-e45b-418c-831c-ae22b9e68c8f method=GET uri=/api/v1/products status=200 durationMs=337 userId=hoangdinhtung09022006
2026-08-06 10:35:34.686 [http-nio-8080-exec-10] INFO  c.r.e.c.l.f.RequestLoggingFilter - requestId=bd5d28de-e67e-4a88-a2c6-57c45fdc1c05 method=GET uri=/api/v1/products status=200 durationMs=372 userId=hoangdinhtung09022006
2026-08-06 10:35:35.083 [http-nio-8080-exec-1] INFO  c.r.e.c.l.f.RequestLoggingFilter - requestId=6530f5c9-eb78-446c-a306-827aa971e7d5 method=GET uri=/api/v1/products status=200 durationMs=395 userId=hoangdinhtung09022006
2026-08-06 10:35:36.665 [http-nio-8080-exec-8] INFO  c.r.e.c.l.f.RequestLoggingFilter - requestId=2d3e1214-60c9-405f-b1c3-5e76660ccfed method=GET uri=/api/v1/banners status=200 durationMs=4 userId=hoangdinhtung09022006
2026-08-06 10:35:36.665 [http-nio-8080-exec-9] INFO  c.r.e.c.l.f.RequestLoggingFilter - requestId=ec34ef7c-2bb2-493d-b3d0-ab72b7f53de7 method=GET uri=/api/v1/news status=200 durationMs=4 userId=hoangdinhtung09022006
2026-08-06 10:35:36.666 [http-nio-8080-exec-3] INFO  c.r.e.c.l.f.RequestLoggingFilter - requestId=b14e50db-0d48-4f77-b2e7-de4056f85e2a method=GET uri=/api/v1/brands status=200 durationMs=5 userId=hoangdinhtung09022006
2026-08-06 10:35:36.679 [http-nio-8080-exec-2] INFO  c.r.e.c.l.f.RequestLoggingFilter - requestId=97edcb07-74ca-45f6-bb18-5654c7c51a27 method=GET uri=/api/v1/banners status=200 durationMs=4 userId=hoangdinhtung09022006
2026-08-06 10:35:36.682 [http-nio-8080-exec-6] INFO  c.r.e.c.l.f.RequestLoggingFilter - requestId=4042e060-c874-49a3-8254-fad9e7dcd958 method=GET uri=/api/v1/news status=200 durationMs=7 userId=hoangdinhtung09022006
2026-08-06 10:35:36.686 [http-nio-8080-exec-7] INFO  c.r.e.c.l.f.RequestLoggingFilter - requestId=7a4fad0f-007e-4ed6-aea5-ef1fc79de9a8 method=GET uri=/api/v1/brands status=200 durationMs=4 userId=hoangdinhtung09022006
2026-08-06 10:35:37.035 [http-nio-8080-exec-4] INFO  c.r.e.c.l.f.RequestLoggingFilter - requestId=2e2338b6-c4a6-437c-b7b5-ecfe9d436566 method=GET uri=/api/v1/products status=200 durationMs=374 userId=hoangdinhtung09022006
2026-08-06 10:35:37.448 [http-nio-8080-exec-5] INFO  c.r.e.c.l.f.RequestLoggingFilter - requestId=2e02017a-8745-40e1-9efb-3101e714c8b2 method=GET uri=/api/v1/products status=200 durationMs=410 userId=hoangdinhtung09022006
2026-08-06 10:38:33.108 [http-nio-8080-exec-1] INFO  c.r.e.c.l.f.RequestLoggingFilter - requestId=acdadf4f-146f-44c9-96c4-f41d12ae58f1 method=GET uri=/api/v1/products/xiaomi-redmi-note-13-pro-5g status=200 durationMs=16 userId=hoangdinhtung09022006
2026-08-06 10:38:33.132 [http-nio-8080-exec-8] INFO  c.r.e.c.l.f.RequestLoggingFilter - requestId=75f35164-12c2-460a-9f0d-91313b5295ee method=GET uri=/api/v1/products/xiaomi-redmi-note-13-pro-5g status=200 durationMs=15 userId=hoangdinhtung09022006
2026-08-06 10:38:33.563 [http-nio-8080-exec-10] INFO  c.r.e.c.l.f.RequestLoggingFilter - requestId=718e43d8-d759-49cc-9042-cc7e38147a8c method=GET uri=/api/v1/products status=200 durationMs=471 userId=hoangdinhtung09022006
2026-08-06 10:38:33.956 [http-nio-8080-exec-9] INFO  c.r.e.c.l.f.RequestLoggingFilter - requestId=71e0bb02-5c33-478d-95f2-1d5d22e276dc method=GET uri=/api/v1/products status=200 durationMs=390 userId=hoangdinhtung09022006
