2026-08-02 00:01:11.506 [http-nio-8080-exec-2] INFO  c.r.e.c.l.f.RequestLoggingFilter - requestId=55307647-5cf3-4eed-b6b6-d0e4f8da9991 method=GET uri=/api/v1/categories/tree status=200 durationMs=5 userId=anonymous
2026-08-02 00:01:11.506 [http-nio-8080-exec-7] INFO  c.r.e.c.l.f.RequestLoggingFilter - requestId=a5aad29b-eb6f-4fd3-aae7-953cc3ca03fb method=GET uri=/api/v1/news status=200 durationMs=5 userId=anonymous
2026-08-02 00:01:11.506 [http-nio-8080-exec-1] INFO  c.r.e.c.l.f.RequestLoggingFilter - requestId=b66bfcdf-7ffe-499d-99fc-ce623f76ae09 method=GET uri=/api/v1/banners status=200 durationMs=5 userId=anonymous
2026-08-02 00:01:11.506 [http-nio-8080-exec-10] INFO  c.r.e.c.l.f.RequestLoggingFilter - requestId=e54a3b5d-0813-4d0b-81f6-d351e8b1a08d method=GET uri=/api/v1/brands status=200 durationMs=5 userId=anonymous
2026-08-02 00:01:11.552 [http-nio-8080-exec-4] INFO  c.r.e.c.l.f.RequestLoggingFilter - requestId=976b5e8a-ea0f-4e9d-ad26-2f28022bcd4a method=GET uri=/api/v1/banners status=200 durationMs=3 userId=anonymous
2026-08-02 00:01:11.565 [http-nio-8080-exec-5] INFO  c.r.e.c.l.f.RequestLoggingFilter - requestId=8673ffca-3fe3-4d22-bc0f-da42f3edd819 method=GET uri=/api/v1/news status=200 durationMs=7 userId=anonymous
2026-08-02 00:01:11.586 [http-nio-8080-exec-8] INFO  c.r.e.c.l.f.RequestLoggingFilter - requestId=ee4dfe16-8f76-409f-9913-36e3e6a43195 method=GET uri=/api/v1/products status=200 durationMs=85 userId=anonymous
2026-08-02 00:01:11.594 [http-nio-8080-exec-6] INFO  c.r.e.c.l.f.RequestLoggingFilter - requestId=5833b2cb-50fd-4923-abbd-918d29aaa645 method=GET uri=/api/v1/brands status=200 durationMs=14 userId=anonymous
2026-08-02 00:01:11.595 [http-nio-8080-exec-3] INFO  c.r.e.c.l.f.RequestLoggingFilter - requestId=6dc7caee-84a9-425f-aab8-2ab9cb618b38 method=GET uri=/api/v1/categories/tree status=200 durationMs=9 userId=anonymous
2026-08-02 00:01:11.694 [http-nio-8080-exec-9] INFO  c.r.e.c.l.f.RequestLoggingFilter - requestId=b2857b2b-79c1-4950-a7b8-9b348145d41a method=GET uri=/api/v1/products status=200 durationMs=91 userId=anonymous
2026-08-02 00:03:11.253 [http-nio-8080-exec-10] INFO  c.r.e.c.l.f.RequestLoggingFilter - requestId=d2b9a146-8523-4ef9-a12d-c97ccd63271f method=GET uri=/api/v1/products/iphone-15-pro status=200 durationMs=20 userId=anonymous
2026-08-02 00:03:11.274 [http-nio-8080-exec-2] INFO  c.r.e.c.l.f.RequestLoggingFilter - requestId=1b690d3e-98a5-43b3-a456-b2ed9b1fad6e method=GET uri=/api/v1/products/iphone-15-pro status=200 durationMs=15 userId=anonymous
2026-08-02 00:03:11.306 [http-nio-8080-exec-1] INFO  c.r.e.c.l.f.RequestLoggingFilter - requestId=425dfe7b-6065-4b6b-8b77-0da850d7aea8 method=GET uri=/api/v1/products status=200 durationMs=81 userId=anonymous
2026-08-02 00:03:11.399 [http-nio-8080-exec-7] INFO  c.r.e.c.l.f.RequestLoggingFilter - requestId=bf0ec039-deab-4a95-a351-c9f8c0253e7b method=GET uri=/api/v1/products status=200 durationMs=57 userId=anonymous
2026-08-02 00:05:58.094 [http-nio-8080-exec-4] ERROR c.r.e.s.JwtAuthenticationFilter - JWT Authentication failed: JWT expired 722092 milliseconds ago at 2026-08-01T16:53:56.000Z. Current time: 2026-08-01T17:05:58.092Z. Allowed clock skew: 0 milliseconds.
2026-08-02 00:05:58.099 [http-nio-8080-exec-5] ERROR c.r.e.s.JwtAuthenticationFilter - JWT Authentication failed: JWT expired 722098 milliseconds ago at 2026-08-01T16:53:56.000Z. Current time: 2026-08-01T17:05:58.098Z. Allowed clock skew: 0 milliseconds.
2026-08-02 00:05:58.121 [http-nio-8080-exec-8] ERROR c.r.e.s.JwtAuthenticationFilter - JWT Authentication failed: JWT expired 722121 milliseconds ago at 2026-08-01T16:53:56.000Z. Current time: 2026-08-01T17:05:58.121Z. Allowed clock skew: 0 milliseconds.
2026-08-02 00:05:58.122 [http-nio-8080-exec-6] ERROR c.r.e.s.JwtAuthenticationFilter - JWT Authentication failed: JWT expired 722121 milliseconds ago at 2026-08-01T16:53:56.000Z. Current time: 2026-08-01T17:05:58.121Z. Allowed clock skew: 0 milliseconds.
2026-08-02 00:05:58.241 [http-nio-8080-exec-3] WARN  c.r.e.c.e.GlobalExceptionHandler - VALIDATION_FAILED [0d9a8af2-fbb8-4e2c-af0b-4a46f524a980]: Dữ liệu đầu vào không hợp lệ.
2026-08-02 00:05:58.244 [http-nio-8080-exec-3] INFO  c.r.e.c.l.f.RequestLoggingFilter - requestId=216f8f35-3e0d-4535-bb33-98ae38018acb method=POST uri=/api/v1/auth/token/refresh status=400 durationMs=102 userId=anonymous
2026-08-02 00:06:01.614 [http-nio-8080-exec-9] INFO  c.r.e.c.l.f.RequestLoggingFilter - requestId=79159cee-3bc5-4e22-9c58-ef7954a09256 method=POST uri=/api/v1/auth/login status=200 durationMs=462 userId=anonymous
2026-08-02 00:06:01.814 [http-nio-8080-exec-2] INFO  c.r.e.c.l.f.RequestLoggingFilter - requestId=7f60cedc-8e54-4926-99f8-ef0f6ef6de9f method=GET uri=/api/v1/news status=200 durationMs=4 userId=hoangdinhtung09022006
2026-08-02 00:06:01.823 [http-nio-8080-exec-2] INFO  c.r.e.c.l.f.RequestLoggingFilter - requestId=daf4e449-974d-478d-a6b0-39125fc77b6c method=GET uri=/api/v1/banners status=200 durationMs=5 userId=hoangdinhtung09022006
2026-08-02 00:06:01.830 [http-nio-8080-exec-7] INFO  c.r.e.c.l.f.RequestLoggingFilter - requestId=506c378e-102c-4123-b857-53d20c56ad06 method=GET uri=/api/v1/categories/tree status=200 durationMs=7 userId=hoangdinhtung09022006
2026-08-02 00:06:01.838 [http-nio-8080-exec-1] INFO  c.r.e.c.l.f.RequestLoggingFilter - requestId=b9200473-64d8-4da1-b82d-0cfb3d2d850a method=GET uri=/api/v1/brands status=200 durationMs=8 userId=hoangdinhtung09022006
2026-08-02 00:06:01.850 [http-nio-8080-exec-5] INFO  c.r.e.c.l.f.RequestLoggingFilter - requestId=45b22bd5-b140-4892-9f7a-6ac07ad1f67b method=GET uri=/api/v1/news status=200 durationMs=4 userId=hoangdinhtung09022006
2026-08-02 00:06:01.860 [http-nio-8080-exec-5] INFO  c.r.e.c.l.f.RequestLoggingFilter - requestId=1682adbc-a516-4c56-84df-75f04bd91f66 method=GET uri=/api/v1/categories/tree status=200 durationMs=7 userId=hoangdinhtung09022006
2026-08-02 00:06:01.882 [http-nio-8080-exec-10] INFO  c.r.e.c.l.f.RequestLoggingFilter - requestId=ad5829e7-1975-4b74-9d23-320a611fab77 method=GET uri=/api/v1/products status=200 durationMs=79 userId=hoangdinhtung09022006
2026-08-02 00:06:01.892 [http-nio-8080-exec-6] INFO  c.r.e.c.l.f.RequestLoggingFilter - requestId=7badf298-076f-4a4a-a784-989a29d009df method=GET uri=/api/v1/banners status=200 durationMs=12 userId=hoangdinhtung09022006
2026-08-02 00:06:01.903 [http-nio-8080-exec-3] INFO  c.r.e.c.l.f.RequestLoggingFilter - requestId=7ce6be49-c422-4f28-9594-93cdbfeb8caa method=GET uri=/api/v1/brands status=200 durationMs=5 userId=hoangdinhtung09022006
2026-08-02 00:06:01.995 [http-nio-8080-exec-9] INFO  c.r.e.c.l.f.RequestLoggingFilter - requestId=8d2a8c46-6851-460a-b0ba-5e97820c188f method=GET uri=/api/v1/products status=200 durationMs=81 userId=hoangdinhtung09022006
2026-08-02 00:06:05.307 [http-nio-8080-exec-7] INFO  c.r.e.c.l.f.RequestLoggingFilter - requestId=c067db8a-1b1e-4200-8831-0479ab896f5a method=GET uri=/api/v1/products/iphone-14-pro-max status=200 durationMs=13 userId=hoangdinhtung09022006
2026-08-02 00:06:05.326 [http-nio-8080-exec-4] INFO  c.r.e.c.l.f.RequestLoggingFilter - requestId=3ad5d235-e9f0-49bc-9d00-eb6c18b3670d method=GET uri=/api/v1/products/iphone-14-pro-max status=200 durationMs=11 userId=hoangdinhtung09022006
2026-08-02 00:06:05.362 [http-nio-8080-exec-2] INFO  c.r.e.c.l.f.RequestLoggingFilter - requestId=7ee207fe-3e08-4e5c-946b-3550289f6f07 method=GET uri=/api/v1/products status=200 durationMs=70 userId=hoangdinhtung09022006
2026-08-02 00:06:05.441 [http-nio-8080-exec-1] INFO  c.r.e.c.l.f.RequestLoggingFilter - requestId=2a9ea962-f786-4d05-b720-38880a0e5d87 method=GET uri=/api/v1/products status=200 durationMs=73 userId=hoangdinhtung09022006
